// Jest Snapshot v1, https://goo.gl/fbAQLP

exports[`App renders homepage unchanged 1`] = `<div />`;
